// Jest Snapshot v1, https://goo.gl/fbAQLP

exports[`img component 1`] = `
<img
  className="className"
  loadClassName={false}
  loadSrc="loadSrc"
  onOff={false}
  over={false}
  register={[Function]}
  remove={[Function]}
  src="src"
/>
`;
